Archive member included to satisfy reference by file (symbol)

/home/huyong/Public/github/switft/build//libxxyyzz.a(app_shell.o)
                              /home/huyong/Public/github/switft/build/main.o (APP_Shell_Init)
/home/huyong/Public/github/switft/build//libxxyyzz.a(bsp.o)
                              /home/huyong/Public/github/switft/build/main.o (BSP_Init)
/home/huyong/Public/github/switft/build//libxxyyzz.a(bsp_delay.o)
                              /home/huyong/Public/github/switft/build/main.o (BSP_Delay_ms)
/home/huyong/Public/github/switft/build//libxxyyzz.a(bsp_int.o)
                              /home/huyong/Public/github/switft/build/main.o (BSP_IntDisAll)
/home/huyong/Public/github/switft/build//libxxyyzz.a(cli.o)
                              /home/huyong/Public/github/switft/build/main.o (cli_loop)
/home/huyong/Public/github/switft/build//libxxyyzz.a(cli_simple.o)
                              /home/huyong/Public/github/switft/build//libxxyyzz.a(cli.o) (cli_simple_run_command)
/home/huyong/Public/github/switft/build//libxxyyzz.a(cmd_d.o)
                              /home/huyong/Public/github/switft/build//libxxyyzz.a(app_shell.o) (cmd_d_init)
/home/huyong/Public/github/switft/build//libxxyyzz.a(cmd_help.o)
                              /home/huyong/Public/github/switft/build//libxxyyzz.a(app_shell.o) (cmd_help_init)
/home/huyong/Public/github/switft/build//libxxyyzz.a(cmd_m.o)
                              /home/huyong/Public/github/switft/build//libxxyyzz.a(app_shell.o) (cmd_m_init)
/home/huyong/Public/github/switft/build//libxxyyzz.a(cmd_reset.o)
                              /home/huyong/Public/github/switft/build//libxxyyzz.a(app_shell.o) (cmd_reset_init)
/home/huyong/Public/github/switft/build//libxxyyzz.a(cmd_ver.o)
                              /home/huyong/Public/github/switft/build//libxxyyzz.a(app_shell.o) (cmd_ver_init)
/home/huyong/Public/github/switft/build//libxxyyzz.a(command.o)
                              /home/huyong/Public/github/switft/build//libxxyyzz.a(cmd_help.o) (cmd_entry_start)
/home/huyong/Public/github/switft/build//libxxyyzz.a(console.o)
                              /home/huyong/Public/github/switft/build//libxxyyzz.a(cli_simple.o) (cputs)
/home/huyong/Public/github/switft/build//libxxyyzz.a(cpu_a.o)
                              /home/huyong/Public/github/switft/build//libxxyyzz.a(bsp_int.o) (CPU_IntDis)
/home/huyong/Public/github/switft/build//libxxyyzz.a(cpu_c.o)
                              /home/huyong/Public/github/switft/build//libxxyyzz.a(bsp_int.o) (CPU_IntSrcDis)
/home/huyong/Public/github/switft/build//libxxyyzz.a(cpu_core.o)
                              /home/huyong/Public/github/switft/build/main.o (CPU_Init)
/home/huyong/Public/github/switft/build//libxxyyzz.a(hw_beacon.o)
                              /home/huyong/Public/github/switft/build//libxxyyzz.a(app_shell.o) (SWIFT_UART6_Init)
/home/huyong/Public/github/switft/build//libxxyyzz.a(hw_led.o)
                              /home/huyong/Public/github/switft/build//libxxyyzz.a(bsp.o) (HW_LED_Init)
/home/huyong/Public/github/switft/build//libxxyyzz.a(lib_mem.o)
                              /home/huyong/Public/github/switft/build/main.o (Mem_Init)
/home/huyong/Public/github/switft/build//libxxyyzz.a(lib_mem_a.o)
                              /home/huyong/Public/github/switft/build//libxxyyzz.a(lib_mem.o) (Mem_Copy)
/home/huyong/Public/github/switft/build//libxxyyzz.a(lib_str.o)
                              /home/huyong/Public/github/switft/build//libxxyyzz.a(cpu_core.o) (Str_Len_N)
/home/huyong/Public/github/switft/build//libxxyyzz.a(lwip.o)
                              /home/huyong/Public/github/switft/build/main.o (LWIP_Init)
/home/huyong/Public/github/switft/build//libxxyyzz.a(netif.o)
                              /home/huyong/Public/github/switft/build//libxxyyzz.a(lwip.o) (netif_set_addr)
/home/huyong/Public/github/switft/build//libxxyyzz.a(os_cfg_app.o)
                              /home/huyong/Public/github/switft/build//libxxyyzz.a(bsp.o) (OSCfg_TickRate_Hz)
/home/huyong/Public/github/switft/build//libxxyyzz.a(os_core.o)
                              /home/huyong/Public/github/switft/build//libxxyyzz.a(bsp_int.o) (OSIntEnter)
/home/huyong/Public/github/switft/build//libxxyyzz.a(os_cpu_a.o)
                              /home/huyong/Public/github/switft/build//libxxyyzz.a(os_core.o) (OSStartHighRdy)
/home/huyong/Public/github/switft/build//libxxyyzz.a(os_cpu_c.o)
                              /home/huyong/Public/github/switft/build//libxxyyzz.a(os_core.o) (OSIdleTaskHook)
/home/huyong/Public/github/switft/build//libxxyyzz.a(os_dbg.o)
                              /home/huyong/Public/github/switft/build//libxxyyzz.a(os_core.o) (OS_Dbg_Init)
/home/huyong/Public/github/switft/build//libxxyyzz.a(os_flag.o)
                              /home/huyong/Public/github/switft/build//libxxyyzz.a(os_core.o) (OS_FlagInit)
/home/huyong/Public/github/switft/build//libxxyyzz.a(os_mem.o)
[...]
Memory Configuration

Name             Origin             Length             Attributes
FLASH            0x08000000         0x00080000         xr
RAM              0x20000000         0x00020000         xrw
MEMORY_B1        0x60000000         0x00000000         xr
*default*        0x00000000         0xffffffff

Linker script and memory map

LOAD /opt/gcc-arm-none-eabi-5_4-2016q3/bin/../lib/gcc/arm-none-eabi/5.4.1/armv7-m/crti.o
LOAD /opt/gcc-arm-none-eabi-5_4-2016q3/bin/../lib/gcc/arm-none-eabi/5.4.1/armv7-m/crtbegin.o
LOAD /opt/gcc-arm-none-eabi-5_4-2016q3/bin/../lib/gcc/arm-none-eabi/5.4.1/../../../../arm-none-eabi/lib/armv7-m/crt0.o
LOAD /home/huyong/Public/github/switft/build/startup_stm32f2xx.o
LOAD /home/huyong/Public/github/switft/build/system_stm32f2xx.o
LOAD /home/huyong/Public/github/switft/build/main.o
LOAD /home/huyong/Public/github/switft/build//libxxyyzz.a
START GROUP
LOAD /opt/gcc-arm-none-eabi-5_4-2016q3/bin/../lib/gcc/arm-none-eabi/5.4.1/armv7-m/libgcc.a
LOAD /opt/gcc-arm-none-eabi-5_4-2016q3/bin/../lib/gcc/arm-none-eabi/5.4.1/../../../../arm-none-eabi/lib/armv7-m/libg_nano.a
LOAD /opt/gcc-arm-none-eabi-5_4-2016q3/bin/../lib/gcc/arm-none-eabi/5.4.1/../../../../arm-none-eabi/lib/armv7-m/libc_nano.a
END GROUP
START GROUP
LOAD /opt/gcc-arm-none-eabi-5_4-2016q3/bin/../lib/gcc/arm-none-eabi/5.4.1/armv7-m/libgcc.a
LOAD /opt/gcc-arm-none-eabi-5_4-2016q3/bin/../lib/gcc/arm-none-eabi/5.4.1/../../../../arm-none-eabi/lib/armv7-m/libc_nano.a
LOAD /opt/gcc-arm-none-eabi-5_4-2016q3/bin/../lib/gcc/arm-none-eabi/5.4.1/../../../../arm-none-eabi/lib/armv7-m/libnosys.a
END GROUP
START GROUP
LOAD /opt/gcc-arm-none-eabi-5_4-2016q3/bin/../lib/gcc/arm-none-eabi/5.4.1/armv7-m/libgcc.a
LOAD /opt/gcc-arm-none-eabi-5_4-2016q3/bin/../lib/gcc/arm-none-eabi/5.4.1/../../../../arm-none-eabi/lib/armv7-m/libc_nano.a
LOAD /opt/gcc-arm-none-eabi-5_4-2016q3/bin/../lib/gcc/arm-none-eabi/5.4.1/../../../../arm-none-eabi/lib/armv7-m/libnosys.a
END GROUP
LOAD /opt/gcc-arm-none-eabi-5_4-2016q3/bin/../lib/gcc/arm-none-eabi/5.4.1/armv7-m/crtend.o
LOAD /opt/gcc-arm-none-eabi-5_4-2016q3/bin/../lib/gcc/arm-none-eabi/5.4.1/armv7-m/crtn.o
                0x20020000                _estack = 0x20020000
                0x00002048                _Min_Heap_Size = 0x2048
                0x00002048                _Min_Stack_Size = 0x2048

.isr_vector     0x08000000      0x184
                0x08000000                . = ALIGN (0x4)
 *(.isr_vector)
 .isr_vector    0x08000000      0x184 /home/huyong/Public/github/switft/build/startup_stm32f2xx.o
                0x08000000                g_pfnVectors
                0x08000184                . = ALIGN (0x4)

.text           0x08000184    0x187e8
                0x08000184                . = ALIGN (0x4)
 *(.text)
 .text          0x08000184       0x5c /opt/gcc-arm-none-eabi-5_4-2016q3/bin/../lib/gcc/arm-none-eabi/5.4.1/armv7-m/crtbegin.o
 .text          0x080001e0      0x15c /home/huyong/Public/github/switft/build/system_stm32f2xx.o
                0x080001e0                SystemInit
                0x080002c0                SystemCoreClockUpdate
 .text          0x0800033c      0x200 /home/huyong/Public/github/switft/build/main.o
                0x08000448                TaskSatelliteTrackDel
                0x0800046c                TaskSatelliteTrackCreate
                0x080004b4                TaskAntennaRecordGotoDel
                0x080004c0                TaskAntennaRecordGotoCreate
                0x080004cc                TaskSatGradientTrackDel
                0x080004f0                TaskSatGradientTrackCreate
                0x08000538                AppObjCreate
 .text          0x0800053c       0x28 /home/huyong/Public/github/switft/build//libxxyyzz.a(app_shell.o)
                0x0800053c                APP_Shell_Init
 .text          0x08000564      0x634 /home/huyong/Public/github/switft/build//libxxyyzz.a(bsp.o)
                0x08000564                BSP_Init
                0x08000574                BSP_RNG_Read
                0x080005bc                BSP_CPU_ClkFreq
                0x080005d0                BSP_CPU_TickInit
                0x080005f4                BSP_PSRAM_Init
                0x080008a8                BSP_SRAM_Init
                0x08000b28                BSP_SoftReset
                0x08000b50                CPU_TS_TmrInit
                0x08000b8c                CPU_TS_TmrRd
 .text          0x08000b98       0x74 /home/huyong/Public/github/switft/build//libxxyyzz.a(bsp_delay.o)
                0x08000b98                BSP_Delay_ms
                0x08000bd4                BSP_Delay_s
                0x08000c08                BSP_Delay_us
 .text          0x08000c0c      0x2a0 /home/huyong/Public/github/switft/build//libxxyyzz.a(bsp_int.o)
                0x08000c40                BSP_IntClr
                0x08000c44                BSP_IntDis
                0x08000c54                BSP_IntDisAll
                0x08000c58                BSP_IntEn
                0x08000c68                BSP_IntVectSet
                0x08000c8c                BSP_IntPrioSet
                0x08000cb4                BSP_IntInit
                0x08000cd8                BSP_IntHandlerWWDG
                0x08000cdc                BSP_IntHandlerPVD
                0x08000ce0                BSP_IntHandlerTAMPER
                0x08000ce4                BSP_IntHandlerRTC
                0x08000ce8                BSP_IntHandlerFLASH
                0x08000cec                BSP_IntHandlerRCC
                0x08000cf0                BSP_IntHandlerEXTI0
                0x08000cf4                BSP_IntHandlerEXTI1
                0x08000cf8                BSP_IntHandlerEXTI2
                0x08000cfc                BSP_IntHandlerEXTI3
                0x08000d00                BSP_IntHandlerEXTI4
                0x08000d04                BSP_IntHandlerDMA1_CH1
                0x08000d08                BSP_IntHandlerDMA1_CH2
                0x08000d0c                BSP_IntHandlerDMA1_CH3
                0x08000d10                BSP_IntHandlerDMA1_CH4
                0x08000d14                BSP_IntHandlerDMA1_CH5
                0x08000d18                BSP_IntHandlerDMA1_CH6
                0x08000d1c                BSP_IntHandlerDMA1_CH7
                0x08000d20                BSP_IntHandlerADC1_2
                0x08000d24                BSP_IntHandlerCAN1_TX
                0x08000d28                BSP_IntHandlerCAN1_RX0
                0x08000d2c                BSP_IntHandlerCAN1_RX1
                0x08000d30                BSP_IntHandlerCAN1_SCE
                0x08000d34                BSP_IntHandlerEXTI9_5
                0x08000d38                BSP_IntHandlerTIM1_BRK
                0x08000d3c                BSP_IntHandlerTIM1_UP
                0x08000d40                BSP_IntHandlerTIM1_TRG_COM
                0x08000d44                BSP_IntHandlerTIM1_CC
                0x08000d48                BSP_IntHandlerTIM2
                0x08000d4c                BSP_IntHandlerTIM3
                0x08000d50                BSP_IntHandlerTIM4
                0x08000d54                BSP_IntHandlerI2C1_EV
                0x08000d58                BSP_IntHandlerI2C1_ER
                0x08000d5c                BSP_IntHandlerI2C2_EV
                0x08000d60                BSP_IntHandlerI2C2_ER
                0x08000d64                BSP_IntHandlerSPI1
                0x08000d68                BSP_IntHandlerSPI2
                0x08000d6c                BSP_IntHandlerUSART1
                0x08000d70                BSP_IntHandlerUSART2
                0x08000d74                BSP_IntHandlerUSART3
                0x08000d78                BSP_IntHandlerEXTI15_10
                0x08000d7c                BSP_IntHandlerRTCAlarm
                0x08000d80                BSP_IntHandlerUSBWakeUp
                0x08000d84                BSP_IntHandlerTIM8_BRK_TIM12
                0x08000d88                BSP_IntHandlerTIM8_UP_TIM13
                0x08000d8c                BSP_IntHandlerTIM8_TRG_COM_TIM14
                0x08000d90                BSP_IntHandlerTIM8_CC
                0x08000d94                BSP_IntHandlerDMA1_STREAM7
                0x08000d98                BSP_IntHandlerFSMC
                0x08000d9c                BSP_IntHandlerSDIO
                0x08000da0                BSP_IntHandlerTIM5
                0x08000da4                BSP_IntHandlerSPI3
                0x08000da8                BSP_IntHandlerUSART4
                0x08000dac                BSP_IntHandlerUSART5
                0x08000db0                BSP_IntHandlerTIM6
                0x08000db4                BSP_IntHandlerTIM7
                0x08000db8                BSP_IntHandlerDMA2_CH1
                0x08000dbc                BSP_IntHandlerDMA2_CH2
                0x08000dc0                BSP_IntHandlerDMA2_CH3
                0x08000dc4                BSP_IntHandlerDMA2_CH4
                0x08000dc8                BSP_IntHandlerDMA2_CH5
                0x08000dcc                BSP_IntHandlerETH
                0x08000dd0                BSP_IntHandlerETHWakeup
                0x08000dd4                BSP_IntHandlerCAN2_TX
                0x08000dd8                BSP_IntHandlerCAN2_RX0
                0x08000ddc                BSP_IntHandlerCAN2_RX1
                0x08000de0                BSP_IntHandlerCAN2_SCE
                0x08000de4                BSP_IntHandlerOTG
                0x08000de8                BSP_IntHandlerDMA2_CH6
                0x08000dec                BSP_IntHandlerDMA2_CH7
                0x08000df0                BSP_IntHandlerDMA2_CH8
                0x08000df4                BSP_IntHandlerUSART6
                0x08000df8                BSP_IntHandlerI2C3_EV
                0x08000dfc                BSP_IntHandlerI2C3_ER
                0x08000e00                BSP_IntHandlerOTG_HS_EP1_OUT
                0x08000e04                BSP_IntHandlerOTG_HS_EP1_IN
                0x08000e08                BSP_IntHandlerOTG_HS_WKUP
                0x08000e0c                BSP_IntHandlerOTG_HS
                0x08000e10                BSP_IntHandlerDCMI
                0x08000e14                BSP_IntHandlerCRYP
                0x08000e18                BSP_IntHandlerHASH_RNG
                0x08000e1c                BSP_EXTI_15_10_IntHandler
 .text          0x08000eac        0xc /home/huyong/Public/github/switft/build//libxxyyzz.a(cli.o)
                0x08000eac                run_command_repeatable
                0x08000eb0                cli_loop
                0x08000eb4                cli_init
 .text          0x08000eb8      0x2e4 /home/huyong/Public/github/switft/build//libxxyyzz.a(cli_simple.o)
                0x08000eb8                cli_simple_parse_line
                0x08000f20                cli_simple_process_macros
                0x08001038                cli_simple_run_command
                0x08001100                cli_simple_loop
                0x08001150                cli_simple_run_command_list
 .text          0x0800119c       0x64 /home/huyong/Public/github/switft/build//libxxyyzz.a(cmd_d.o)
                0x080011d0                cmd_d_init
 .text          0x08001200       0x80 /home/huyong/Public/github/switft/build//libxxyyzz.a(cmd_help.o)
                0x08001230                cmd_help_init
 .text          0x08001280       0x60 /home/huyong/Public/github/switft/build//libxxyyzz.a(cmd_m.o)
                0x080012b0                cmd_m_init
 .text          0x080012e0       0x44 /home/huyong/Public/github/switft/build//libxxyyzz.a(cmd_reset.o)
                0x080012e0                do_reset
                0x080012f4                cmd_reset_init
 .text          0x08001324       0x78 /home/huyong/Public/github/switft/build//libxxyyzz.a(cmd_ver.o)
                0x0800136c                cmd_ver_init
 .text          0x0800139c      0x2ac /home/huyong/Public/github/switft/build//libxxyyzz.a(command.o)
                0x0800139c                cmd_entry_start
                0x080013a4                cmd_entry_count
                0x080013a8                cmd_register
                0x080013e4                find_cmd_tbl
                0x08001450                find_cmd
                0x0800145c                cmd_usage
                0x080014a0                _do_help
                0x08001538                cmd_auto_complete
                0x080015c8                cmd_process
                0x08001628                cmd_process_error
 .text          0x08001648      0x124 /home/huyong/Public/github/switft/build//libxxyyzz.a(console.o)
                0x08001648                cgetc
                0x0800164c                ctstc
                0x08001650                cputc
                0x08001668                cputs
                0x0800167c                ctrlc
                0x080016a8                confirm_yesno
                0x08001744                disable_ctrlc
                0x08001754                had_ctrlc
                0x08001760                clear_ctrlc
 .text          0x0800176c       0x34 /home/huyong/Public/github/switft/build//libxxyyzz.a(cpu_a.o)
                0x0800176c                CPU_IntDis
                0x08001770                CPU_IntEn
                0x08001774                CPU_SR_Save
                0x0800177c                CPU_SR_Restore
                0x08001782                CPU_WaitForInt
                0x08001786                CPU_WaitForExcept
                0x0800178a                CPU_CntLeadZeros
                0x08001790                CPU_CntTrailZeros
                0x0800179a                CPU_RevBits
 .text          0x080017a0      0x4bc /home/huyong/Public/github/switft/build//libxxyyzz.a(cpu_c.o)
                0x080017a0                CPU_BitBandClr
                0x080017d4                CPU_BitBandSet
                0x08001808                CPU_IntSrcDis
                0x080018e4                CPU_IntSrcEn
                0x080019c0                CPU_IntSrcPendClr
                0x08001a2c                CPU_IntSrcPrioSet
                0x08001b44                CPU_IntSrcPrioGet
 .text          0x08001c5c      0x1e4 /home/huyong/Public/github/switft/build//libxxyyzz.a(cpu_core.o)
                0x08001c5c                CPU_SW_Exception
                0x08001c60                CPU_NameClr
                0x08001c80                CPU_Init
                0x08001c98                CPU_NameGet
                0x08001ccc                CPU_NameSet
                0x08001d10                CPU_TS_Get32
                0x08001d14                CPU_TS_Update
                0x08001d18                CPU_TS_TmrFreqGet
                0x08001d34                CPU_TS_TmrFreqSet
                0x08001d40                CPU_CntLeadZeros08
                0x08001d4c                CPU_CntLeadZeros16
                0x08001d58                CPU_CntLeadZeros32
                0x08001d5c                CPU_CntLeadZeros64
                0x08001dfc                CPU_CntTrailZeros08
                0x08001e08                CPU_CntTrailZeros16
                0x08001e14                CPU_CntTrailZeros32
                0x08001e20                CPU_CntTrailZeros64
 .text          0x08001e40      0x1e0 /home/huyong/Public/github/switft/build//libxxyyzz.a(hw_beacon.o)
                0x08001e40                SWIFT_UART6_IntHandler
                0x08001e9c                _sys_exit
                0x08001ea0                fputc
                0x08001eb4                fgetc
                0x08001ed0                SWIFT_UART6_Init
                0x08001fa0                SWIFT_UART6_INT_Switch
                0x08001fac                SWIFT_UART6_SendBuff
                0x08001fdc                SWIFT_UART6_RecvBuff
                0x08001ff4                SWIFT_USART6_GETC
                0x08002010                SWIFT_USART6_TSTC
 .text          0x08002020       0x74 /home/huyong/Public/github/switft/build//libxxyyzz.a(hw_led.o)
                0x08002020                HW_LED_Init
                0x0800204c                HW_LED1_OFF
                0x08002058                HW_LED2_OFF
                0x08002064                HW_LED1_ON
                0x08002070                HW_LED2_ON
                0x0800207c                HW_LED1_Flick
                0x08002088                HW_LED2_Flick
 .text          0x08002094      0xc10 /home/huyong/Public/github/switft/build//libxxyyzz.a(lib_mem.o)
                0x080021d4                Mem_Init
                0x0800221c                Mem_Clr
                0x08002228                Mem_Set
                0x08002230                Mem_Move
                0x080022e8                Mem_Cmp
                0x08002390                Mem_HeapAlloc
                0x08002478                Mem_SegGetSizeRem
                0x08002510                Mem_HeapGetSizeRem
                0x08002520                Mem_PoolClr
                0x08002578                Mem_PoolCreate
                0x08002948                Mem_PoolBlkGetNbrAvail
                0x08002990                Mem_PoolBlkGet
                0x08002a2c                Mem_PoolBlkGetUsedAtIx
                0x08002a9c                Mem_PoolBlkFree
                0x08002bac                Mem_PoolBlkIxGet
 .text          0x08002ca4      0x220 /home/huyong/Public/github/switft/build//libxxyyzz.a(lib_mem_a.o)
                0x08002ca4                Mem_Copy
 .text          0x08002ec4      0x7e4 /home/huyong/Public/github/switft/build//libxxyyzz.a(lib_str.o)
                0x08003294                Str_Len
                0x080032b8                Str_Len_N
                0x080032e8                Str_Copy_N
                0x0800332c                Str_Copy
                0x08003334                Str_Cat
                0x08003344                Str_Cat_N
                0x08003358                Str_Cmp_N
                0x080033c8                Str_Cmp
                0x080033d0                Str_CmpIgnoreCase_N
                0x0800348c                Str_CmpIgnoreCase
                0x08003494                Str_Char_N
                0x080034cc                Str_Char
                0x080034d8                Str_Char_Last_N
                0x0800352c                Str_Char_Last
                0x08003538                Str_Char_Replace
                0x08003558                Str_Char_Replace_N
                0x0800357c                Str_Str_N
                0x08003610                Str_Str
                0x08003618                Str_FmtNbr_Int32U
                0x08003638                Str_FmtNbr_Int32S
                0x08003660                Str_ParseNbr_Int32U
                0x08003674                Str_ParseNbr_Int32S
 .text          0x080036a8       0xc4 /home/huyong/Public/github/switft/build//libxxyyzz.a(lwip.o)
                0x080036a8                LwIP_SendSem
                0x080036c0                LWIP_Init
                0x08003720                LWIP_NetworkConfigChange
                0x0800374c                LWIP_MACConfigChange
 .text          0x0800376c      0x23c /home/huyong/Public/github/switft/build//libxxyyzz.a(netif.o)
                0x0800376c                netif_init
                0x08003770                netif_find
                0x080037b0                netif_set_ipaddr
                0x08003818                netif_set_addr
                0x08003834                netif_add
                0x080038c0                netif_set_gw
                0x080038c8                netif_set_netmask
                0x080038d0                netif_set_default
                0x080038dc                netif_set_up
                0x08003900                netif_set_down
                0x0800391c                netif_remove
                0x08003970                netif_set_link_up
                0x08003994                netif_set_link_down
 .text          0x080039a8        0x4 /home/huyong/Public/github/switft/build//libxxyyzz.a(os_cfg_app.o)
                0x080039a8                OSCfg_Init
 .text          0x080039ac      0xe44 /home/huyong/Public/github/switft/build//libxxyyzz.a(os_core.o)
                0x080039ac                OS_IdleTask
                0x08003a70                OSIntEnter
                0x08003a90                OSIntExit
                0x08003b28                OSSched
                0x08003b40                OSSchedLock
                0x08003bac                OSSchedUnlock
                0x08003c20                OSSchedRoundRobinCfg
                0x08003c74                OSStart
                0x08003ccc                OSVersion
                0x08003cd8                OS_IdleTaskInit
                0x08003d30                OSInit
                0x08003ec4                OS_PendDataInit
                0x08003efc                OS_PendDbgNameAdd
                0x08003f40                OS_PendDbgNameRemove
                0x08003f5c                OS_PendListInit
                0x08003f68                OS_PendListInsertHead
                0x08003f8c                OS_PendListInsertPrio
                0x08003fe8                OS_PendListChangePrio
                0x08004044                OS_PendListRemove
                0x080040ac                OS_PendListRemove1
                0x080040e0                OS_PendObjDel1
                0x08004114                OS_PendAbort1
                0x08004118                OS_Post1
                0x08004150                OS_RdyListInit
                0x08004170                OS_RdyListInsert
                0x080041ec                OS_RdyListInsertHead
                0x08004228                OS_RdyListInsertTail
                0x08004264                OS_RdyListMoveHeadToTail
                0x0800429c                OSSchedRoundRobinYield
                0x0800434c                OS_RdyListRemove
                0x080043b4                OS_SchedLockTimeMeasStart
                0x080043d4                OS_SchedLockTimeMeasStop
                0x080043e4                OS_SchedRoundRobin
                0x0800444c                OS_TaskBlock
                0x08004488                OS_Pend
                0x08004524                OS_TaskRdy
                0x08004540                OS_PendAbort
                0x08004614                OS_PendObjDel
                0x080046e0                OS_Post
 .text          0x080047f0       0x84 /home/huyong/Public/github/switft/build//libxxyyzz.a(os_cpu_a.o)
                0x080047f0                OSStartHighRdy
                0x08004810                OS_CPU_PendSVHandler
 .text          0x08004874      0x1d4 /home/huyong/Public/github/switft/build//libxxyyzz.a(os_cpu_c.o)
                0x08004874                OSIdleTaskHook
                0x08004884                OSInitHook
                0x080048c4                OSStatTaskHook
                0x080048d4                OSTaskCreateHook
                0x080048e4                OSTaskDelHook
                0x080048f4                OSTaskReturnHook
                0x08004904                OSTaskStkInit
                0x08004988                OSTaskSwHook
                0x080049e0                OSTimeTickHook
                0x080049f0                OS_CPU_SysTickHandler
                0x08004a14                OS_CPU_SysTickInit
 .text          0x08004a48        0x4 /home/huyong/Public/github/switft/build//libxxyyzz.a(os_dbg.o)
                0x08004a48                OS_Dbg_Init
 .text          0x08004a4c      0x594 /home/huyong/Public/github/switft/build//libxxyyzz.a(os_flag.o)
                0x08004a4c                OSFlagCreate
                0x08004acc                OSFlagPend
                0x08004d78                OSFlagPendGetFlagsRdy
                0x08004db0                OS_FlagBlock
                0x08004dd4                OS_FlagClr
                0x08004df0                OS_FlagInit
                0x08004e08                OS_FlagDbgListAdd
                0x08004e2c                OS_FlagDbgListRemove
                0x08004e58                OS_FlagTaskRdy
                0x08004ea8                OS_FlagPost
                0x08004f84                OSFlagPost
 .text          0x08004fe0      0x18c /home/huyong/Public/github/switft/build//libxxyyzz.a(os_mem.o)
                0x08004fe0                OSMemCreate
                0x080050b8                OSMemGet
                0x080050f4                OSMemPut
                0x0800513c                OS_MemDbgListAdd
                0x08005154                OS_MemInit
 .text          0x0800516c      0x1b4 /home/huyong/Public/github/switft/build//libxxyyzz.a(os_msg.o)
                0x0800516c                OS_MsgPoolInit
                0x080051e8                OS_MsgQFreeAll
                0x0800521c                OS_MsgQInit
                0x0800522c                OS_MsgQGet
                0x08005288                OS_MsgQPut
 .text          0x08005320      0x460 /home/huyong/Public/github/switft/build//libxxyyzz.a(os_mutex.o)
                0x08005320                OSMutexCreate
                0x080053a4                OSMutexPend
                0x080055c4                OSMutexPost
                0x080056ec                OS_MutexClr
                0x08005718                OS_MutexDbgListAdd
                0x0800573c                OS_MutexDbgListRemove
                0x08005768                OS_MutexInit
 .text          0x08005780       0x84 /home/huyong/Public/github/switft/build//libxxyyzz.a(os_prio.o)
                0x08005780                OS_PrioInit
                0x08005790                OS_PrioGetHighest
                0x080057b8                OS_PrioInsert
                0x080057dc                OS_PrioRemove
 .text          0x08005804      0x610 /home/huyong/Public/github/switft/build//libxxyyzz.a(os_q.o)
                0x08005804                OSQCreate
                0x08005898                OSQFlush
                0x080058f0                OSQPend
                0x08005a6c                OSQPendAbort
                0x08005b34                OS_QClr
                0x08005b68                OSQDel
                0x08005c90                OS_QDbgListAdd
                0x08005cb4                OS_QDbgListRemove
                0x08005ce0                OS_QInit
                0x08005cf8                OS_QPost
                0x08005d7c                OSQPost
 .text          0x08005e14      0x5dc /home/huyong/Public/github/switft/build//libxxyyzz.a(os_sem.o)
                0x08005e14                OSSemCreate
                0x08005e94                OSSemDel
                0x08005fe0                OSSemPend
                0x08006160                OSSemPendAbort
                0x08006228                OSSemSet
                0x08006280                OS_SemClr
                0x0800629c                OS_SemDbgListAdd
                0x080062c0                OS_SemDbgListRemove
                0x080062ec                OS_SemInit
                0x08006304                OS_SemPost
                0x08006390                OSSemPost
 .text          0x080063f0      0x468 /home/huyong/Public/github/switft/build//libxxyyzz.a(os_stat.o)
                0x080063f0                OSStatReset
                0x080064b0                OS_StatTask
                0x080066f4                OSStatTaskCPUUsageInit
                0x080067a8                OS_StatTaskInit
 .text          0x08006858      0xe60 /home/huyong/Public/github/switft/build//libxxyyzz.a(os_task.o)
                0x08006858                OSTaskChangePrio
                0x08006928                OSTaskQFlush
                0x08006974                OSTaskQPend
                0x08006b14                OSTaskRegGet
                0x08006b44                OSTaskRegGetID
                0x08006b74                OSTaskRegSet
                0x08006ba4                OSTaskSemPend
                0x08006d04                OSTaskSemPendAbort
                0x08006d9c                OSTaskSemSet
                0x08006dd8                OSTaskStkChk
                0x08006e80                OSTaskTimeQuantaSet
                0x08006ed4                OS_TaskDbgListAdd
                0x08006ef0                OS_TaskDbgListRemove
                0x08006f30                OS_TaskInit
                0x08006f54                OS_TaskInitTCB
                0x0800700c                OSTaskCreate
                0x08007290                OSTaskDel
                0x080072bc                OS_TaskQPost
                0x08007360                OSTaskQPost
                0x080073ac                OS_TaskResume
                0x0800745c                OSTaskResume
                0x080074a8                OS_TaskReturn
                0x080074d0                OS_TaskSemPost
                0x080075a0                OSTaskSemPost
                0x080075d0                OS_TaskSuspend
                0x08007688                OSTaskSuspend
 .text          0x080076b8      0x3b0 /home/huyong/Public/github/switft/build//libxxyyzz.a(os_tick.o)
                0x080076b8                OS_TickTaskInit
                0x08007778                OS_TickListInit
                0x080077a8                OS_TickListInsert
                0x080078b4                OS_TickListRemove
                0x080078ec                OS_TickListResetPeak
                0x08007914                OS_TickListUpdate
                0x08007a3c                OS_TickTask
 .text          0x08007a68      0x264 /home/huyong/Public/github/switft/build//libxxyyzz.a(os_time.o)
                0x08007a68                OSTimeDly
                0x08007b04                OSTimeDlyHMSM
                0x08007c38                OSTimeGet
                0x08007c54                OSTimeSet
                0x08007c70                OSTimeTick
 .text          0x08007ccc      0x6c4 /home/huyong/Public/github/switft/build//libxxyyzz.a(os_tmr.o)
                0x08007ccc                OSTmrCreate
                0x08007d98                OSTmrRemainGet
                0x08007e60                OSTmrStateGet
                0x08007ebc                OS_TmrClr
                0x08007ee8                OS_TmrDbgListAdd
                0x08007f00                OS_TmrDbgListRemove
                0x08007f2c                OS_TmrInit
                0x08008034                OS_TmrLink
                0x080080e0                OS_TmrResetPeak
                0x08008108                OS_TmrUnlink
                0x08008160                OSTmrStart
                0x080081fc                OSTmrStop
                0x080082e4                OS_TmrTask
 .text          0x08008390      0x100 /home/huyong/Public/github/switft/build//libxxyyzz.a(stm32f2xx_exti.o)
                0x08008390                EXTI_DeInit
                0x080083ac                EXTI_Init
                0x08008428                EXTI_StructInit
                0x08008438                EXTI_GenerateSWInterrupt
                0x08008448                EXTI_GetFlagStatus
                0x0800845c                EXTI_ClearFlag
                0x08008468                EXTI_GetITStatus
                0x08008484                EXTI_ClearITPendingBit
 .text          0x08008490      0x470 /home/huyong/Public/github/switft/build//libxxyyzz.a(stm32f2xx_fsmc.o)
                0x08008490                FSMC_NORSRAMDeInit
                0x080084bc                FSMC_NORSRAMInit
                0x0800856c                FSMC_NORSRAMStructInit
                0x080085bc                FSMC_NORSRAMCmd
                0x080085dc                FSMC_NANDDeInit
                0x08008600                FSMC_NANDInit
                0x0800866c                FSMC_NANDStructInit
                0x0800869c                FSMC_NANDCmd
                0x080086d0                FSMC_NANDECCCmd
                0x08008704                FSMC_GetECC
                0x08008718                FSMC_PCCARDDeInit
                0x08008734                FSMC_PCCARDInit
                0x0800879c                FSMC_PCCARDStructInit
                0x080087cc                FSMC_PCCARDCmd
                0x080087ec                FSMC_ITConfig
                0x08008840                FSMC_GetFlagStatus
                0x0800886c                FSMC_ClearFlag
                0x0800889c                FSMC_GetITStatus
                0x080088d0                FSMC_ClearITPendingBit
 .text          0x08008900      0x264 /home/huyong/Public/github/switft/build//libxxyyzz.a(stm32f2xx_gpio.o)
                0x08008900                GPIO_DeInit
                0x08008a18                GPIO_Init
                0x08008abc                GPIO_StructInit
                0x08008ad0                GPIO_PinLockConfig
                0x08008af4                GPIO_ReadInputDataBit
                0x08008b00                GPIO_ReadInputData
                0x08008b08                GPIO_ReadOutputDataBit
                0x08008b14                GPIO_ReadOutputData
                0x08008b1c                GPIO_SetBits
                0x08008b20                GPIO_ResetBits
                0x08008b24                GPIO_WriteBit
                0x08008b30                GPIO_Write
                0x08008b34                GPIO_ToggleBits
                0x08008b3c                GPIO_PinAFConfig
 .text          0x08008b64      0x4c8 /home/huyong/Public/github/switft/build//libxxyyzz.a(stm32f2xx_rcc.o)
                0x08008b64                RCC_DeInit
                0x08008b98                RCC_HSEConfig
                0x08008ba8                RCC_WaitForHSEStartUp
                0x08008bdc                RCC_AdjustHSICalibrationValue
                0x08008bf0                RCC_HSICmd
                0x08008bfc                RCC_LSEConfig
                0x08008c1c                RCC_LSICmd
                0x08008c28                RCC_PLLConfig
                0x08008c4c                RCC_PLLCmd
                0x08008c58                RCC_PLLI2SConfig
                0x08008c6c                RCC_PLLI2SCmd
                0x08008c78                RCC_ClockSecuritySystemCmd
                0x08008c84                RCC_MCO1Config
                0x08008c98                RCC_MCO2Config
                0x08008cac                RCC_SYSCLKConfig
                0x08008cc0                RCC_GetSYSCLKSource
                0x08008cd0                RCC_HCLKConfig
                0x08008ce4                RCC_PCLK1Config
                0x08008cf8                RCC_PCLK2Config
                0x08008d0c                RCC_GetClocksFreq
                0x08008db4                RCC_RTCCLKConfig
                0x08008de4                RCC_RTCCLKCmd
                0x08008df0                RCC_BackupResetCmd
                0x08008dfc                RCC_I2SCLKConfig
                0x08008e08                RCC_AHB1PeriphClockCmd
                0x08008e24                RCC_AHB2PeriphClockCmd
                0x08008e40                RCC_AHB3PeriphClockCmd
                0x08008e5c                RCC_APB1PeriphClockCmd
                0x08008e78                RCC_APB2PeriphClockCmd
                0x08008e94                RCC_AHB1PeriphResetCmd
                0x08008eb0                RCC_AHB2PeriphResetCmd
                0x08008ecc                RCC_AHB3PeriphResetCmd
                0x08008ee8                RCC_APB1PeriphResetCmd
                0x08008f04                RCC_APB2PeriphResetCmd
                0x08008f20                RCC_AHB1PeriphClockLPModeCmd
                0x08008f3c                RCC_AHB2PeriphClockLPModeCmd
                0x08008f58                RCC_AHB3PeriphClockLPModeCmd
                0x08008f74                RCC_APB1PeriphClockLPModeCmd
                0x08008f90                RCC_APB2PeriphClockLPModeCmd
                0x08008fac                RCC_ITConfig
                0x08008fc8                RCC_GetFlagStatus
                0x08008ffc                RCC_ClearFlag
                0x0800900c                RCC_GetITStatus
                0x08009020                RCC_ClearITPendingBit
 .text          0x0800902c      0x430 /home/huyong/Public/github/switft/build//libxxyyzz.a(stm32f2xx_usart.o)
                0x0800902c                USART_DeInit
                0x080090f4                USART_Init
                0x080091bc                USART_StructInit
                0x080091d4                USART_ClockInit
                0x080091f8                USART_ClockStructInit
                0x08009204                USART_Cmd
                0x08009220                USART_SetPrescaler
                0x08009234                USART_OverSampling8Cmd
                0x08009250                USART_OneBitMethodCmd
                0x0800926c                USART_SendData
                0x08009274                USART_ReceiveData
                0x0800927c                USART_SetAddress
                0x08009294                USART_ReceiverWakeUpCmd
                0x080092b0                USART_WakeUpConfig
                0x080092c8                USART_LINBreakDetectLengthConfig
                0x080092e0                USART_LINCmd
                0x080092fc                USART_SendBreak
                0x08009308                USART_HalfDuplexCmd
                0x08009324                USART_SetGuardTime
                0x08009338                USART_SmartCardCmd
                0x08009354                USART_SmartCardNACKCmd
                0x08009370                USART_IrDAConfig
                0x08009388                USART_IrDACmd
                0x080093a4                USART_DMACmd
                0x080093b8                USART_ITConfig
                0x080093f0                USART_GetFlagStatus
                0x080093fc                USART_ClearFlag
                0x08009404                USART_GetITStatus
                0x0800944c                USART_ClearITPendingBit
 .text          0x0800945c      0xfe8 /home/huyong/Public/github/switft/build//libxxyyzz.a(tcp.o)
                0x080094c4                tcp_init
                0x080094c8                tcp_bind
                0x08009564                tcp_listen_with_backlog
                0x0800962c                tcp_update_rcv_ann_wnd
                0x08009688                tcp_recved
                0x08009704                tcp_connect
                0x08009860                tcp_seg_free
                0x0800987c                tcp_segs_free
                0x080098d4                tcp_slowtmr
                0x08009d2c                tcp_setprio
                0x08009d30                tcp_arg
                0x08009d34                tcp_recv
                0x08009d64                tcp_sent
                0x08009d94                tcp_err
                0x08009dc8                tcp_accept
                0x08009dcc                tcp_poll
                0x08009e08                tcp_pcb_purge
                0x08009e18                tcp_pcb_remove
                0x0800a068                tcp_close
                0x0800a07c                tcp_recv_null
                0x0800a0b0                tcp_process_refused_data
                0x0800a110                tcp_fasttmr
                0x0800a180                tcp_tmr
                0x0800a1a4                tcp_shutdown
                0x0800a1f4                tcp_abandon
                0x0800a2c8                tcp_abort
                0x0800a2d0                tcp_alloc
                0x0800a3f4                tcp_new
                0x0800a3fc                tcp_next_iss
                0x0800a414                tcp_eff_send_mss
                0x0800a434                tcp_debug_state_str
 .text          0x0800a444      0xe8c /home/huyong/Public/github/switft/build//libxxyyzz.a(tcp_out.o)
                0x0800a5f4                tcp_write
                0x0800ab5c                tcp_enqueue_flags
                0x0800acbc                tcp_send_fin
                0x0800ad04                tcp_send_empty_ack
                0x0800ad60                tcp_output
                0x0800b044                tcp_rst
                0x0800b100                tcp_rexmit_rto
                0x0800b134                tcp_rexmit
                0x0800b188                tcp_rexmit_fast
                0x0800b1d4                tcp_keepalive
                0x0800b228                tcp_zero_window_probe
 .text          0x0800b2d0      0x2d4 /home/huyong/Public/github/switft/build//libxxyyzz.a(tcpip.o)
                0x0800b388                tcpip_input
                0x0800b3d4                tcpip_callback_with_block
                0x0800b42c                tcpip_timeout
                0x0800b46c                tcpip_untimeout
                0x0800b4a8                tcpip_apimsg
                0x0800b4e4                tcpip_callbackmsg_new
                0x0800b4fc                tcpip_callbackmsg_delete
                0x0800b504                tcpip_trycallback
                0x0800b528                tcpip_init
                0x0800b584                pbuf_free_callback
                0x0800b594                mem_free_callback
 .text          0x0800b5a4      0x210 /home/huyong/Public/github/switft/build//libxxyyzz.a(timers.o)
                0x0800b5a4                sys_timeout
                0x0800b62c                tcp_timer_needed
                0x0800b6a0                sys_timeouts_init
                0x0800b700                sys_untimeout
                0x0800b748                sys_timeouts_mbox_fetch
 .text          0x0800b7b4       0xe4 /home/huyong/Public/github/switft/build//libxxyyzz.a(udpecho.o)
                0x0800b844                udpecho_init
                0x0800b868                APP_UDP_Sendto
 .text          0x0800b898      0x794 /home/huyong/Public/github/switft/build//libxxyyzz.a(api_lib.o)
                0x0800ba1c                netconn_new_with_proto_and_callback
                0x0800bad8                netconn_delete
                0x0800bb00                netconn_getaddr
                0x0800bb88                netconn_bind
                0x0800bbe0                netconn_connect
                0x0800bc38                netconn_disconnect
                0x0800bc88                netconn_listen_with_backlog
                0x0800bcd8                netconn_accept
                0x0800bd94                netconn_recv_tcp_pbuf
                0x0800bdc4                netconn_recv
                0x0800beac                netconn_recved
                0x0800bedc                netconn_send
                0x0800bf30                netconn_sendto
                0x0800bf44                netconn_write_partly
                0x0800c014                netconn_close
                0x0800c018                netconn_shutdown
 .text          0x0800c02c     0x11e8 /home/huyong/Public/github/switft/build//libxxyyzz.a(api_msg.o)
                0x0800c8e0                do_newconn
                0x0800c978                netconn_alloc
                0x0800c9e4                netconn_free
                0x0800cbc4                do_delconn
                0x0800ccd4                do_bind
                0x0800cd60                do_connect
                0x0800ce4c                do_disconnect
                0x0800ce80                do_listen
                0x0800cf38                do_send
                0x0800cfd4                do_recv
                0x0800d020                do_write
                0x0800d0b0                do_getaddr
                0x0800d16c                do_close
 .text          0x0800d214      0x35c /home/huyong/Public/github/switft/build//libxxyyzz.a(bsp_eth.o)
                0x0800d214                ETH_IRQHandler
                0x0800d244                BSP_ETH_GetCurrentTxBuffer
                0x0800d250                BSP_ETH_IsRxPktValid
                0x0800d25c                Eth_Link_PHYITConfig
                0x0800d294                Eth_Link_EXTIConfig
                0x0800d2ec                Eth_Link_ITHandler
                0x0800d310                BSP_InitEth
                0x0800d36c                ETH_GPIO_Config
                0x0800d444                ETH_MACDMA_Config
                0x0800d4dc                ETH_BSP_Config
                0x0800d50c                ETH_MACaddr_Config
                0x0800d514                BSP_ETH_ReleaseDescriptor
                0x0800d560                BSP_ETH_GetDescriptorStatus
 .text          0x0800d570       0x90 /home/huyong/Public/github/switft/build//libxxyyzz.a(bsp_gpio.o)
                0x0800d570                BSP_GPIO_PortClkSwitch
                0x0800d584                BSP_GPIO_Init
                0x0800d5f0                BSP_GPIO_PinWriteHigh
                0x0800d5f4                BSP_GPIO_PinWriteLow
                0x0800d5f8                BSP_GPIO_InputPinRead
                0x0800d5fc                BSP_GPIO_OutputPinRead
 .text          0x0800d600      0x228 /home/huyong/Public/github/switft/build//libxxyyzz.a(bsp_os.o)
                0x0800d600                BSP_OS_SemCreate
                0x0800d620                BSP_OS_SemWait
                0x0800d654                BSP_OS_SemPost
                0x0800d674                BSP_OS_TimeDlyMs
                0x0800d6b8                BSP_OS_Q_Creat
                0x0800d6d8                BSP_OS_Q_Post
                0x0800d6fc                BSP_OS_Q_Block_Pend
                0x0800d738                BSP_OS_Q_Flush
                0x0800d74c                BSP_OS_Q_Del
                0x0800d76c                BSP_OS_Q_NoBlock_Pend
                0x0800d7a0                BSP_OS_Sem_Creat
                0x0800d7c0                BSP_OS_Sem_Post
                0x0800d7e4                BSP_OS_Sem_Pend
                0x0800d808                BSP_OS_Sem_Del
 .text          0x0800d828      0x16c /home/huyong/Public/github/switft/build//libxxyyzz.a(bsp_uart.o)
                0x0800d828                BSP_UART_PortClkSwitch
                0x0800d890                BSP_UART_Init
                0x0800d958                BSP_UART_Send
                0x0800d980                BSP_UART_RCV
                0x0800d984                BSP_UART_TST
 .text          0x0800d994      0x204 /home/huyong/Public/github/switft/build//libxxyyzz.a(cli_readline.o)
                0x0800da34                cli_readline_into_buffer
                0x0800db80                cli_readline
 .text          0x0800db98       0x18 /home/huyong/Public/github/switft/build//libxxyyzz.a(def.o)
                0x0800db98                lwip_htons
                0x0800dba0                lwip_ntohs
                0x0800dba8                lwip_ntohl
                0x0800dbac                lwip_htonl
 .text          0x0800dbb0      0xa44 /home/huyong/Public/github/switft/build//libxxyyzz.a(etharp.o)
                0x0800e078                etharp_tmr
                0x0800e0e0                etharp_cleanup_netif
                0x0800e114                etharp_find_addr
                0x0800e170                etharp_query
                0x0800e2dc                etharp_output
                0x0800e42c                etharp_request
                0x0800e448                ethernet_input
 .text          0x0800e5f4      0x174 /home/huyong/Public/github/switft/build//libxxyyzz.a(ethernetif.o)
                0x0800e630                ethernetif_input
                0x0800e6c8                ethernetif_init
 .text          0x0800e768      0x240 /home/huyong/Public/github/switft/build//libxxyyzz.a(inet_chksum.o)
                0x0800e7e0                inet_chksum_pseudo
                0x0800e870                inet_chksum_pseudo_partial
                0x0800e948                inet_chksum
                0x0800e954                inet_chksum_pbuf
 .text          0x0800e9a8       0x28 /home/huyong/Public/github/switft/build//libxxyyzz.a(init.o)
                0x0800e9a8                lwip_init
 .text          0x0800e9d0      0x32c /home/huyong/Public/github/switft/build//libxxyyzz.a(ip.o)
                0x0800e9d0                ip_route
                0x0800ea10                ip_input
                0x0800eb70                ip_output_if
                0x0800eca0                ip_output
 .text          0x0800ecfc      0x2a0 /home/huyong/Public/github/switft/build//libxxyyzz.a(ip_addr.o)
                0x0800ecfc                ip4_addr_isbroadcast
                0x0800ed38                ip4_addr_netmask_valid
                0x0800ed64                ipaddr_aton
                0x0800eeb4                ipaddr_addr
                0x0800eed4                ipaddr_ntoa_r
                0x0800ef90                ipaddr_ntoa
 .text          0x0800ef9c      0x6e0 /home/huyong/Public/github/switft/build//libxxyyzz.a(ip_frag.o)
                0x0800f150                ip_reass_tmr
                0x0800f180                ip_reass
                0x0800f4f4                ip_frag
 .text          0x0800f67c      0x12c /home/huyong/Public/github/switft/build//libxxyyzz.a(lib_ascii.o)
                0x0800f67c                ASCII_IsAlpha
                0x0800f68c                ASCII_IsAlphaNum
                0x0800f6a8                ASCII_IsLower
                0x0800f6b4                ASCII_IsUpper
                0x0800f6c0                ASCII_IsDig
                0x0800f6cc                ASCII_IsDigOct
                0x0800f6d8                ASCII_IsDigHex
                0x0800f6f4                ASCII_IsBlank
                0x0800f704                ASCII_IsSpace
                0x0800f718                ASCII_IsPrint
                0x0800f724                ASCII_IsGraph
                0x0800f730                ASCII_IsPunct
                0x0800f754                ASCII_IsCtrl
                0x0800f764                ASCII_ToLower
                0x0800f774                ASCII_ToUpper
                0x0800f784                ASCII_Cmp
 .text          0x0800f7a8      0x478 /home/huyong/Public/github/switft/build//libxxyyzz.a(mem.o)
                0x0800f7a8                mem_init
                0x0800f810                BSP_mem_free
                0x0800f980                BSP_mem_trim
                0x0800fac4                BSP_mem_malloc
                0x0800fc04                mem_calloc
 .text          0x0800fc20      0x128 /home/huyong/Public/github/switft/build//libxxyyzz.a(memp.o)
                0x0800fc20                memp_init
                0x0800fc90                memp_malloc
                0x0800fcfc                memp_free
 .text          0x0800fd48      0x230 /home/huyong/Public/github/switft/build//libxxyyzz.a(netbuf.o)
                0x0800fd48                netbuf_new
                0x0800fd60                netbuf_delete
                0x0800fd84                netbuf_alloc
                0x0800fde0                netbuf_free
                0x0800fe10                netbuf_ref
                0x0800fe64                netbuf_chain
                0x0800feb0                netbuf_data
                0x0800ff1c                netbuf_next
                0x0800ff58                netbuf_first
 .text          0x0800ff78      0x948 /home/huyong/Public/github/switft/build//libxxyyzz.a(pbuf.o)
                0x0800ff78                pbuf_header
                0x08010028                pbuf_free
                0x080100d8                pbuf_alloc
                0x0801029c                pbuf_realloc
                0x08010374                pbuf_clen
                0x08010388                pbuf_ref
                0x080103a4                pbuf_cat
                0x08010424                pbuf_chain
                0x08010438                pbuf_dechain
                0x080104ac                pbuf_copy
                0x080105ec                pbuf_copy_partial
                0x08010694                pbuf_take
                0x08010750                pbuf_coalesce
                0x080107a0                pbuf_get_at
                0x080107c4                pbuf_memcmp
                0x0801083c                pbuf_memfind
                0x08010880                pbuf_strstr
 .text          0x080108c0      0x1c0 /home/huyong/Public/github/switft/build//libxxyyzz.a(raw.o)
                0x080108c0                raw_input
                0x08010938                raw_bind
                0x08010944                raw_connect
                0x08010950                raw_recv
                0x08010958                raw_sendto
                0x08010a10                raw_send
                0x08010a18                raw_remove
                0x08010a54                raw_new
 .text          0x08010a80     0x172c /home/huyong/Public/github/switft/build//libxxyyzz.a(sockets.o)
                0x08011158                lwip_socket_init
                0x0801115c                lwip_accept
                0x08011344                lwip_bind
                0x080113f8                lwip_close
                0x08011468                lwip_connect
                0x0801151c                lwip_listen
                0x080115a4                lwip_recvfrom
                0x08011850                lwip_read
                0x08011864                lwip_recv
                0x08011878                lwip_sendto
                0x080119b4                lwip_send
                0x08011a50                lwip_socket
                0x08011acc                lwip_write
                0x08011ad4                lwip_select
                0x08011e0c                lwip_shutdown
                0x08011e8c                lwip_getpeername
                0x08011e94                lwip_getsockname
                0x08011e9c                lwip_getsockopt
                0x08011fd8                lwip_setsockopt
                0x080120f4                lwip_ioctl
                0x0801215c                lwip_fcntl
 .text          0x080121ac      0xd2c /home/huyong/Public/github/switft/build//libxxyyzz.a(stm32f2x7_eth.o)
                0x080121ac                ETH_DeInit
                0x080121c8                ETH_StructInit
                0x08012274                ETH_Start
                0x080122a8                ETH_MACTransmissionCmd
                0x080122c4                ETH_MACReceptionCmd
                0x080122e0                ETH_GetFlowControlBusyStatus
                0x080122f0                ETH_InitiatePauseControlFrame
                0x08012300                ETH_BackPressureActivationCmd
                0x0801231c                ETH_GetMACITStatus
                0x08012330                ETH_GetMACFlagStatus
                0x08012334                ETH_MACITConfig
                0x0801234c                ETH_MACAddressConfig
                0x08012368                ETH_GetMACAddress
                0x08012394                ETH_MACAddressPerfectFilterCmd
                0x080123b0                ETH_MACAddressFilterConfig
                0x080123c8                ETH_MACAddressMaskBytesFilterConfig
                0x080123e0                ETH_Get_Received_Frame
                0x08012414                ETH_Get_Received_Frame_interrupt
                0x080124bc                ETH_Prepare_Transmit_Descriptors
                0x08012588                ETH_DMARxDescChainInit
                0x080125f4                ETH_CheckFrameReceived
                0x08012674                ETH_DMATxDescChainInit
                0x080126d0                ETH_GetDMATxDescFlagStatus
                0x080126dc                ETH_GetDMATxDescCollisionCount
                0x080126e4                ETH_SetDMATxDescOwnBit
                0x080126f0                ETH_DMATxDescTransmitITConfig
                0x08012704                ETH_DMATxDescFrameSegmentConfig
                0x0801270c                ETH_DMATxDescChecksumInsertionConfig
                0x08012714                ETH_DMATxDescCRCCmd
                0x08012728                ETH_DMATxDescSecondAddressChainedCmd
                0x0801273c                ETH_DMATxDescShortFramePaddingCmd
                0x08012750                ETH_DMATxDescBufferSizeConfig
                0x0801275c                ETH_GetDMARxDescFlagStatus
                0x08012768                ETH_GetDMAPTPRxDescExtendedFlagStatus
                0x08012774                ETH_SetDMARxDescOwnBit
                0x08012780                ETH_GetDMARxDescFrameLength
                0x08012788                ETH_DMARxDescReceiveITConfig
                0x0801279c                ETH_GetDMARxDescBufferSize
                0x080127b0                ETH_GetRxPktSize
                0x080127d4                ETH_EnhancedDescriptorCmd
                0x080127f0                ETH_SoftwareReset
                0x08012800                ETH_GetSoftwareResetStatus
                0x08012810                ETH_DMAClearFlag
                0x08012820                ETH_DMAITConfig
                0x08012844                ETH_GetDMAITStatus
                0x0801285c                ETH_GetDMAFlagStatus
                0x08012860                ETH_DMAClearITPendingBit
                0x08012870                ETH_GetTransmitProcessState
                0x08012884                ETH_GetReceiveProcessState
                0x08012898                ETH_FlushTransmitFIFO
                0x080128ac                ETH_GetFlushTransmitFIFOStatus
                0x080128c0                ETH_DMATransmissionCmd
                0x080128e0                ETH_DMAReceptionCmd
                0x08012900                ETH_GetDMAOverflowStatus
                0x08012914                ETH_GetRxOverflowMissedFrameCounter
                0x08012924                ETH_GetBufferUnavailableMissedFrameCounter
                0x08012930                ETH_GetCurrentTxDescStartAddress
                0x08012940                ETH_GetCurrentRxDescStartAddress
                0x08012950                ETH_GetCurrentTxBufferAddress
                0x08012960                ETH_GetCurrentRxBufferAddress
                0x08012970                ETH_ResumeDMATransmission
                0x08012980                ETH_ResumeDMAReception
                0x08012990                ETH_SetReceiveWatchdogTimer
                0x080129a0                ETH_ReadPHYRegister
                0x08012a00                ETH_WritePHYRegister
                0x08012a5c                ETH_Init
                0x08012ce0                ETH_PHYLoopBackCmd
                0x08012d0c                ETH_ResetWakeUpFrameFilterRegisterPointer
                0x08012d1c                ETH_SetWakeUpFrameFilterRegister
                0x08012d34                ETH_GlobalUnicastWakeUpCmd
                0x08012d50                ETH_GetPMTFlagStatus
                0x08012d64                ETH_WakeUpFrameDetectionCmd
                0x08012d80                ETH_MagicPacketDetectionCmd
                0x08012d9c                ETH_PowerDownCmd
                0x08012db8                ETH_MMCCounterFullPreset
                0x08012dcc                ETH_MMCCounterHalfPreset
                0x08012dec                ETH_MMCCounterFreezeCmd
                0x08012e0c                ETH_MMCResetOnReadCmd
                0x08012e2c                ETH_MMCCounterRolloverCmd
                0x08012e4c                ETH_MMCCountersReset
                0x08012e60                ETH_MMCITConfig
                0x08012ea0                ETH_GetMMCITStatus
                0x08012ecc                ETH_GetMMCRegister
 .text          0x08012ed8       0x7c /home/huyong/Public/github/switft/build//libxxyyzz.a(stm32f2xx_syscfg.o)
                0x08012ed8                SYSCFG_DeInit
                0x08012ef4                SYSCFG_MemoryRemapConfig
                0x08012f00                SYSCFG_EXTILineConfig
                0x08012f2c                SYSCFG_ETH_MediaInterfaceConfig
                0x08012f38                SYSCFG_CompensationCellCmd
                0x08012f44                SYSCFG_GetCompensationCellStatus
 .text          0x08012f54      0x47c /home/huyong/Public/github/switft/build//libxxyyzz.a(sys_arch.o)
                0x08012f54                sys_mbox_new
                0x08012f9c                sys_mbox_free
                0x08012ff0                sys_mbox_post
                0x0801304c                sys_mbox_trypost
                0x08013080                sys_arch_mbox_fetch
                0x080130c4                sys_mbox_valid
                0x080130e0                sys_mbox_set_invalid
                0x08013104                sys_sem_new
                0x08013140                sys_arch_sem_wait
                0x08013180                sys_sem_signal
                0x080131b4                sys_sem_free
                0x080131e8                sys_sem_valid
                0x08013204                sys_sem_set_invalid
                0x08013228                sys_init
                0x08013284                sys_thread_new
                0x080133bc                sys_msleep
 .text          0x080133d0     0x1010 /home/huyong/Public/github/switft/build//libxxyyzz.a(tcp_in.o)
                0x08013a9c                tcp_input
 .text          0x080143e0      0x49c /home/huyong/Public/github/switft/build//libxxyyzz.a(udp.o)
                0x080143e0                udp_init
                0x080143e4                udp_input
                0x0801457c                udp_bind
                0x08014654                udp_sendto_if
                0x08014780                udp_sendto
                0x080147ac                udp_send
                0x080147b8                udp_connect
                0x0801480c                udp_disconnect
                0x0801481c                udp_recv
                0x08014824                udp_remove
                0x08014860                udp_new
 .text          0x0801487c      0x140 /home/huyong/Public/github/switft/build//libxxyyzz.a(app_tool.o)
                0x0801487c                TOOL_CheckSum8BitGet
                0x08014898                TOOL_SysTickGet
                0x080148ac                TOOL_INT32Data2Bytebuff
                0x080148d4                TOOL_INT16Data2Bytebuff
                0x080148e4                TOOL_Bytebuff2INT32Data
                0x08014910                TOOL_Bytebuff2INT16Data
                0x08014934                TOOL_GetCPI_ID
                0x08014950                TOOL_DateTime2Bytebuff
 .text          0x080149bc      0x238 /home/huyong/Public/github/switft/build//libxxyyzz.a(icmp.o)
                0x08014a4c                icmp_input
                0x08014be4                icmp_dest_unreach
                0x08014bec                icmp_time_exceeded
 .text          0x08014bf4       0x14 /opt/gcc-arm-none-eabi-5_4-2016q3/bin/../lib/gcc/arm-none-eabi/5.4.1/../../../../arm-none-eabi/lib/armv7-m/libg_nano.a(lib_a-strcmp.o)
                0x08014bf4                strcmp
 .text          0x08014c08       0x10 /opt/gcc-arm-none-eabi-5_4-2016q3/bin/../lib/gcc/arm-none-eabi/5.4.1/../../../../arm-none-eabi/lib/armv7-m/libg_nano.a(lib_a-strlen.o)
                0x08014c08                strlen
 *(.text*)
 .text.Reset_Handler
                0x08014c18       0x44 /home/huyong/Public/github/switft/build/startup_stm32f2xx.o
                0x08014c18                Reset_Handler
 .text.Default_Handler
                0x08014c5c        0x2 /home/huyong/Public/github/switft/build/startup_stm32f2xx.o
                0x08014c5c                App_NMI_ISR
                0x08014c5c                App_MemFault_ISR
                0x08014c5c                App_Fault_ISR
                0x08014c5c                App_BusFault_ISR
                0x08014c5c                Default_Handler
                0x08014c5c                App_Reserved_ISR
                0x08014c5c                App_UsageFault_ISR
                0x08014c5c                App_Spurious_ISR
 *fill*         0x08014c5e        0x2 
 .text.startup  0x08014c60       0x5c /home/huyong/Public/github/switft/build/main.o
                0x08014c60                main
 .text.isblank  0x08014cbc       0x20 /opt/gcc-arm-none-eabi-5_4-2016q3/bin/../lib/gcc/arm-none-eabi/5.4.1/../../../../arm-none-eabi/lib/armv7-m/libg_nano.a(lib_a-isblank.o)
                0x08014cbc                isblank
 .text.__get_current_locale
                0x08014cdc       0x18 /opt/gcc-arm-none-eabi-5_4-2016q3/bin/../lib/gcc/arm-none-eabi/5.4.1/../../../../arm-none-eabi/lib/armv7-m/libg_nano.a(lib_a-locale.o)
 .text.__locale_ctype_ptr_l
                0x08014cf4        0x6 /opt/gcc-arm-none-eabi-5_4-2016q3/bin/../lib/gcc/arm-none-eabi/5.4.1/../../../../arm-none-eabi/lib/armv7-m/libg_nano.a(lib_a-locale.o)
                0x08014cf4                __locale_ctype_ptr_l
 *fill*         0x08014cfa        0x2 
 .text.__locale_ctype_ptr
                0x08014cfc       0x14 /opt/gcc-arm-none-eabi-5_4-2016q3/bin/../lib/gcc/arm-none-eabi/5.4.1/../../../../arm-none-eabi/lib/armv7-m/libg_nano.a(lib_a-locale.o)
                0x08014cfc                __locale_ctype_ptr
 .text.__ascii_mbtowc
                0x08014d10       0x24 /opt/gcc-arm-none-eabi-5_4-2016q3/bin/../lib/gcc/arm-none-eabi/5.4.1/../../../../arm-none-eabi/lib/armv7-m/libg_nano.a(lib_a-mbtowc_r.o)
                0x08014d10                __ascii_mbtowc
 .text.memcmp   0x08014d34       0x1e /opt/gcc-arm-none-eabi-5_4-2016q3/bin/../lib/gcc/arm-none-eabi/5.4.1/../../../../arm-none-eabi/lib/armv7-m/libg_nano.a(lib_a-memcmp.o)
                0x08014d34                memcmp
 .text.memcpy   0x08014d52       0x16 /opt/gcc-arm-none-eabi-5_4-2016q3/bin/../lib/gcc/arm-none-eabi/5.4.1/../../../../arm-none-eabi/lib/armv7-m/libg_nano.a(lib_a-memcpy-stub.o)
                0x08014d52                memcpy
 .text.memset   0x08014d68       0x10 /opt/gcc-arm-none-eabi-5_4-2016q3/bin/../lib/gcc/arm-none-eabi/5.4.1/../../../../arm-none-eabi/lib/armv7-m/libg_nano.a(lib_a-memset.o)
                0x08014d68                memset
 .text.printf   0x08014d78       0x30 /opt/gcc-arm-none-eabi-5_4-2016q3/bin/../lib/gcc/arm-none-eabi/5.4.1/../../../../arm-none-eabi/lib/armv7-m/libg_nano.a(lib_a-printf.o)
                0x08014d78                printf
                0x08014d78                iprintf
 .text._putc_r  0x08014da8       0x6c /opt/gcc-arm-none-eabi-5_4-2016q3/bin/../lib/gcc/arm-none-eabi/5.4.1/../../../../arm-none-eabi/lib/armv7-m/libg_nano.a(lib_a-putc.o)
                0x08014da8                _putc_r
 .text.putc     0x08014e14       0x10 /opt/gcc-arm-none-eabi-5_4-2016q3/bin/../lib/gcc/arm-none-eabi/5.4.1/../../../../arm-none-eabi/lib/armv7-m/libg_nano.a(lib_a-putc.o)
                0x08014e14                putc
 .text._puts_r  0x08014e24       0xb4 /opt/gcc-arm-none-eabi-5_4-2016q3/bin/../lib/gcc/arm-none-eabi/5.4.1/../../../../arm-none-eabi/lib/armv7-m/libg_nano.a(lib_a-puts.o)
                0x08014e24                _puts_r
 .text.puts     0x08014ed8       0x10 /opt/gcc-arm-none-eabi-5_4-2016q3/bin/../lib/gcc/arm-none-eabi/5.4.1/../../../../arm-none-eabi/lib/armv7-m/libg_nano.a(lib_a-puts.o)
                0x08014ed8                puts
 .text.strcpy   0x08014ee8       0x10 /opt/gcc-arm-none-eabi-5_4-2016q3/bin/../lib/gcc/arm-none-eabi/5.4.1/../../../../arm-none-eabi/lib/armv7-m/libg_nano.a(lib_a-strcpy.o)
                0x08014ee8                strcpy
 .text.strlcpy  0x08014ef8       0x2a /opt/gcc-arm-none-eabi-5_4-2016q3/bin/../lib/gcc/arm-none-eabi/5.4.1/../../../../arm-none-eabi/lib/armv7-m/libg_nano.a(lib_a-strlcpy.o)
                0x08014ef8                strlcpy
 .text.strncmp  0x08014f22       0x2a /opt/gcc-arm-none-eabi-5_4-2016q3/bin/../lib/gcc/arm-none-eabi/5.4.1/../../../../arm-none-eabi/lib/armv7-m/libg_nano.a(lib_a-strncmp.o)
                0x08014f22                strncmp
 .text._strtoul_l.isra.0
                0x08014f4c      0x102 /opt/gcc-arm-none-eabi-5_4-2016q3/bin/../lib/gcc/arm-none-eabi/5.4.1/../../../../arm-none-eabi/lib/armv7-m/libg_nano.a(lib_a-strtoul.o)
 *fill*         0x0801504e        0x2 
 .text.strtoul  0x08015050       0x2c /opt/gcc-arm-none-eabi-5_4-2016q3/bin/../lib/gcc/arm-none-eabi/5.4.1/../../../../arm-none-eabi/lib/armv7-m/libg_nano.a(lib_a-strtoul.o)
                0x08015050                strtoul
 .text.__swbuf_r
                0x0801507c       0xa8 /opt/gcc-arm-none-eabi-5_4-2016q3/bin/../lib/gcc/arm-none-eabi/5.4.1/../../../../arm-none-eabi/lib/armv7-m/libg_nano.a(lib_a-wbuf.o)
                0x0801507c                __swbuf_r
 .text.__ascii_wctomb
                0x08015124       0x1a /opt/gcc-arm-none-eabi-5_4-2016q3/bin/../lib/gcc/arm-none-eabi/5.4.1/../../../../arm-none-eabi/lib/armv7-m/libg_nano.a(lib_a-wctomb_r.o)
                0x08015124                __ascii_wctomb
 *fill*         0x0801513e        0x2 
 .text.__swsetup_r
                0x08015140       0xdc /opt/gcc-arm-none-eabi-5_4-2016q3/bin/../lib/gcc/arm-none-eabi/5.4.1/../../../../arm-none-eabi/lib/armv7-m/libg_nano.a(lib_a-wsetup.o)
                0x08015140                __swsetup_r
 .text.__sflush_r
                0x0801521c      0x10c /opt/gcc-arm-none-eabi-5_4-2016q3/bin/../lib/gcc/arm-none-eabi/5.4.1/../../../../arm-none-eabi/lib/armv7-m/libg_nano.a(lib_a-fflush.o)
                0x0801521c                __sflush_r
 .text._fflush_r
                0x08015328       0x54 /opt/gcc-arm-none-eabi-5_4-2016q3/bin/../lib/gcc/arm-none-eabi/5.4.1/../../../../arm-none-eabi/lib/armv7-m/libg_nano.a(lib_a-fflush.o)
                0x08015328                _fflush_r
 .text._cleanup_r
                0x0801537c        0xc /opt/gcc-arm-none-eabi-5_4-2016q3/bin/../lib/gcc/arm-none-eabi/5.4.1/../../../../arm-none-eabi/lib/armv7-m/libg_nano.a(lib_a-findfp.o)
                0x0801537c                _cleanup_r
 .text.std.isra.0
                0x08015388       0x48 /opt/gcc-arm-none-eabi-5_4-2016q3/bin/../lib/gcc/arm-none-eabi/5.4.1/../../../../arm-none-eabi/lib/armv7-m/libg_nano.a(lib_a-findfp.o)
 .text.__sfmoreglue
                0x080153d0       0x2c /opt/gcc-arm-none-eabi-5_4-2016q3/bin/../lib/gcc/arm-none-eabi/5.4.1/../../../../arm-none-eabi/lib/armv7-m/libg_nano.a(lib_a-findfp.o)
                0x080153d0                __sfmoreglue
 .text.__sinit  0x080153fc       0x60 /opt/gcc-arm-none-eabi-5_4-2016q3/bin/../lib/gcc/arm-none-eabi/5.4.1/../../../../arm-none-eabi/lib/armv7-m/libg_nano.a(lib_a-findfp.o)
                0x080153fc                __sinit
 .text.__sfp    0x0801545c       0x78 /opt/gcc-arm-none-eabi-5_4-2016q3/bin/../lib/gcc/arm-none-eabi/5.4.1/../../../../arm-none-eabi/lib/armv7-m/libg_nano.a(lib_a-findfp.o)
                0x0801545c                __sfp
 .text._fwalk_reent
                0x080154d4       0x3c /opt/gcc-arm-none-eabi-5_4-2016q3/bin/../lib/gcc/arm-none-eabi/5.4.1/../../../../arm-none-eabi/lib/armv7-m/libg_nano.a(lib_a-fwalk.o)
                0x080154d4                _fwalk_reent
 .text.__swhatbuf_r
                0x08015510       0x46 /opt/gcc-arm-none-eabi-5_4-2016q3/bin/../lib/gcc/arm-none-eabi/5.4.1/../../../../arm-none-eabi/lib/armv7-m/libg_nano.a(lib_a-makebuf.o)
                0x08015510                __swhatbuf_r
 *fill*         0x08015556        0x2 
 .text.__smakebuf_r
                0x08015558       0x78 /opt/gcc-arm-none-eabi-5_4-2016q3/bin/../lib/gcc/arm-none-eabi/5.4.1/../../../../arm-none-eabi/lib/armv7-m/libg_nano.a(lib_a-makebuf.o)
                0x08015558                __smakebuf_r
 .text._free_r  0x080155d0       0x98 /opt/gcc-arm-none-eabi-5_4-2016q3/bin/../lib/gcc/arm-none-eabi/5.4.1/../../../../arm-none-eabi/lib/armv7-m/libg_nano.a(lib_a-nano-freer.o)
                0x080155d0                _free_r
 .text._malloc_r
                0x08015668       0xbc /opt/gcc-arm-none-eabi-5_4-2016q3/bin/../lib/gcc/arm-none-eabi/5.4.1/../../../../arm-none-eabi/lib/armv7-m/libg_nano.a(lib_a-nano-mallocr.o)
                0x08015668                _malloc_r
 .text.__sfputc_r
                0x08015724       0x2c /opt/gcc-arm-none-eabi-5_4-2016q3/bin/../lib/gcc/arm-none-eabi/5.4.1/../../../../arm-none-eabi/lib/armv7-m/libg_nano.a(lib_a-nano-vfprintf.o)
 .text.__sfputs_r
                0x08015750       0x24 /opt/gcc-arm-none-eabi-5_4-2016q3/bin/../lib/gcc/arm-none-eabi/5.4.1/../../../../arm-none-eabi/lib/armv7-m/libg_nano.a(lib_a-nano-vfprintf.o)
                0x08015750                __sfputs_r
 .text._vfprintf_r
                0x08015774      0x238 /opt/gcc-arm-none-eabi-5_4-2016q3/bin/../lib/gcc/arm-none-eabi/5.4.1/../../../../arm-none-eabi/lib/armv7-m/libg_nano.a(lib_a-nano-vfprintf.o)
                0x08015774                _vfiprintf_r
                0x08015774                _vfprintf_r
 .text._printf_common
                0x080159ac       0xec /opt/gcc-arm-none-eabi-5_4-2016q3/bin/../lib/gcc/arm-none-eabi/5.4.1/../../../../arm-none-eabi/lib/armv7-m/libg_nano.a(lib_a-nano-vfprintf_i.o)
                0x080159ac                _printf_common
 .text._printf_i
                0x08015a98      0x24c /opt/gcc-arm-none-eabi-5_4-2016q3/bin/../lib/gcc/arm-none-eabi/5.4.1/../../../../arm-none-eabi/lib/armv7-m/libg_nano.a(lib_a-nano-vfprintf_i.o)
                0x08015a98                _printf_i
 .text._sbrk_r  0x08015ce4       0x20 /opt/gcc-arm-none-eabi-5_4-2016q3/bin/../lib/gcc/arm-none-eabi/5.4.1/../../../../arm-none-eabi/lib/armv7-m/libg_nano.a(lib_a-sbrkr.o)
                0x08015ce4                _sbrk_r
 .text.__sread  0x08015d04       0x22 /opt/gcc-arm-none-eabi-5_4-2016q3/bin/../lib/gcc/arm-none-eabi/5.4.1/../../../../arm-none-eabi/lib/armv7-m/libg_nano.a(lib_a-stdio.o)
                0x08015d04                __sread
 .text.__swrite
                0x08015d26       0x38 /opt/gcc-arm-none-eabi-5_4-2016q3/bin/../lib/gcc/arm-none-eabi/5.4.1/../../../../arm-none-eabi/lib/armv7-m/libg_nano.a(lib_a-stdio.o)
                0x08015d26                __swrite
 .text.__sseek  0x08015d5e       0x24 /opt/gcc-arm-none-eabi-5_4-2016q3/bin/../lib/gcc/arm-none-eabi/5.4.1/../../../../arm-none-eabi/lib/armv7-m/libg_nano.a(lib_a-stdio.o)
                0x08015d5e                __sseek
 .text.__sclose
                0x08015d82        0x8 /opt/gcc-arm-none-eabi-5_4-2016q3/bin/../lib/gcc/arm-none-eabi/5.4.1/../../../../arm-none-eabi/lib/armv7-m/libg_nano.a(lib_a-stdio.o)
                0x08015d82                __sclose
 *fill*         0x08015d8a        0x2 
 .text._write_r
                0x08015d8c       0x24 /opt/gcc-arm-none-eabi-5_4-2016q3/bin/../lib/gcc/arm-none-eabi/5.4.1/../../../../arm-none-eabi/lib/armv7-m/libg_nano.a(lib_a-writer.o)
                0x08015d8c                _write_r
 .text._close_r
                0x08015db0       0x20 /opt/gcc-arm-none-eabi-5_4-2016q3/bin/../lib/gcc/arm-none-eabi/5.4.1/../../../../arm-none-eabi/lib/armv7-m/libg_nano.a(lib_a-closer.o)
                0x08015db0                _close_r
 .text._fstat_r
                0x08015dd0       0x24 /opt/gcc-arm-none-eabi-5_4-2016q3/bin/../lib/gcc/arm-none-eabi/5.4.1/../../../../arm-none-eabi/lib/armv7-m/libg_nano.a(lib_a-fstatr.o)
                0x08015dd0                _fstat_r
 .text._isatty_r
                0x08015df4       0x20 /opt/gcc-arm-none-eabi-5_4-2016q3/bin/../lib/gcc/arm-none-eabi/5.4.1/../../../../arm-none-eabi/lib/armv7-m/libg_nano.a(lib_a-isattyr.o)
                0x08015df4                _isatty_r
 .text._lseek_r
                0x08015e14       0x24 /opt/gcc-arm-none-eabi-5_4-2016q3/bin/../lib/gcc/arm-none-eabi/5.4.1/../../../../arm-none-eabi/lib/armv7-m/libg_nano.a(lib_a-lseekr.o)
                0x08015e14                _lseek_r
 .text.memchr   0x08015e38       0x1c /opt/gcc-arm-none-eabi-5_4-2016q3/bin/../lib/gcc/arm-none-eabi/5.4.1/../../../../arm-none-eabi/lib/armv7-m/libg_nano.a(lib_a-memchr-stub.o)
                0x08015e38                memchr
 .text.__malloc_lock
                0x08015e54        0x2 /opt/gcc-arm-none-eabi-5_4-2016q3/bin/../lib/gcc/arm-none-eabi/5.4.1/../../../../arm-none-eabi/lib/armv7-m/libg_nano.a(lib_a-mlock.o)
                0x08015e54                __malloc_lock
 .text.__malloc_unlock
                0x08015e56        0x2 /opt/gcc-arm-none-eabi-5_4-2016q3/bin/../lib/gcc/arm-none-eabi/5.4.1/../../../../arm-none-eabi/lib/armv7-m/libg_nano.a(lib_a-mlock.o)
                0x08015e56                __malloc_unlock
 .text._read_r  0x08015e58       0x24 /opt/gcc-arm-none-eabi-5_4-2016q3/bin/../lib/gcc/arm-none-eabi/5.4.1/../../../../arm-none-eabi/lib/armv7-m/libg_nano.a(lib_a-readr.o)
                0x08015e58                _read_r
 .text._close   0x08015e7c       0x10 /opt/gcc-arm-none-eabi-5_4-2016q3/bin/../lib/gcc/arm-none-eabi/5.4.1/../../../../arm-none-eabi/lib/armv7-m/libnosys.a(close.o)
                0x08015e7c                _close
 .text._fstat   0x08015e8c       0x10 /opt/gcc-arm-none-eabi-5_4-2016q3/bin/../lib/gcc/arm-none-eabi/5.4.1/../../../../arm-none-eabi/lib/armv7-m/libnosys.a(fstat.o)
                0x08015e8c                _fstat
 .text._isatty  0x08015e9c       0x10 /opt/gcc-arm-none-eabi-5_4-2016q3/bin/../lib/gcc/arm-none-eabi/5.4.1/../../../../arm-none-eabi/lib/armv7-m/libnosys.a(isatty.o)
                0x08015e9c                _isatty
 .text._lseek   0x08015eac       0x10 /opt/gcc-arm-none-eabi-5_4-2016q3/bin/../lib/gcc/arm-none-eabi/5.4.1/../../../../arm-none-eabi/lib/armv7-m/libnosys.a(lseek.o)
                0x08015eac                _lseek
 .text._read    0x08015ebc       0x10 /opt/gcc-arm-none-eabi-5_4-2016q3/bin/../lib/gcc/arm-none-eabi/5.4.1/../../../../arm-none-eabi/lib/armv7-m/libnosys.a(read.o)
                0x08015ebc                _read
 .text._sbrk    0x08015ecc       0x1c /opt/gcc-arm-none-eabi-5_4-2016q3/bin/../lib/gcc/arm-none-eabi/5.4.1/../../../../arm-none-eabi/lib/armv7-m/libnosys.a(sbrk.o)
                0x08015ecc                _sbrk
 .text._write   0x08015ee8       0x10 /opt/gcc-arm-none-eabi-5_4-2016q3/bin/../lib/gcc/arm-none-eabi/5.4.1/../../../../arm-none-eabi/lib/armv7-m/libnosys.a(write.o)
                0x08015ee8                _write
 *(.rodata)
 .rodata        0x08015ef8      0x100 /home/huyong/Public/github/switft/build//libxxyyzz.a(cpu_core.o)
 .rodata        0x08015ff8       0x94 /home/huyong/Public/github/switft/build//libxxyyzz.a(lib_str.o)
 .rodata        0x0801608c       0xa4 /home/huyong/Public/github/switft/build//libxxyyzz.a(os_cfg_app.o)
                0x0801608c                OSCfg_DataSizeRAM
                0x08016090                OSCfg_TmrWheelSizeRAM
                0x08016094                OSCfg_TmrWheelSize
                0x08016098                OSCfg_TmrTaskStkSizeRAM
                0x0801609c                OSCfg_TmrTaskStkSize
                0x080160a0                OSCfg_TmrTaskStkLimit
                0x080160a4                OSCfg_TmrTaskStkBasePtr
                0x080160a8                OSCfg_TmrTaskRate_Hz
                0x080160ac                OSCfg_TmrTaskPrio
                0x080160b0                OSCfg_TickWheelSizeRAM
                0x080160b4                OSCfg_TickWheelSize
                0x080160b8                OSCfg_TickTaskStkSizeRAM
                0x080160bc                OSCfg_TickTaskStkSize
                0x080160c0                OSCfg_TickTaskStkLimit
                0x080160c4                OSCfg_TickTaskStkBasePtr
                0x080160c8                OSCfg_TickTaskPrio
                0x080160cc                OSCfg_TickRate_Hz
                0x080160d0                OSCfg_StkSizeMin
                0x080160d4                OSCfg_StatTaskStkSizeRAM
                0x080160d8                OSCfg_StatTaskStkSize
                0x080160dc                OSCfg_StatTaskStkLimit
                0x080160e0                OSCfg_StatTaskStkBasePtr
                0x080160e4                OSCfg_StatTaskRate_Hz
                0x080160e8                OSCfg_StatTaskPrio
                0x080160ec                OSCfg_MsgPoolBasePtr
                0x080160f0                OSCfg_MsgPoolSizeRAM
                0x080160f4                OSCfg_MsgPoolSize
                0x080160f8                OSCfg_ISRStkSizeRAM
                0x080160fc                OSCfg_ISRStkSize
                0x08016100                OSCfg_ISRStkBasePtr
                0x08016104                OSCfg_IntQTaskStkSizeRAM
                0x08016108                OSCfg_IntQTaskStkSize
                0x0801610c                OSCfg_IntQTaskStkLimit
                0x08016110                OSCfg_IntQTaskStkBasePtr
                0x08016114                OSCfg_IntQSizeRAM
                0x08016118                OSCfg_IntQSize
                0x0801611c                OSCfg_IntQBasePtr
                0x08016120                OSCfg_IdleTaskStkSizeRAM
                0x08016124                OSCfg_IdleTaskStkSize
                0x08016128                OSCfg_IdleTaskStkLimit
                0x0801612c                OSCfg_IdleTaskStkBasePtr
 .rodata        0x08016130       0x54 /home/huyong/Public/github/switft/build//libxxyyzz.a(tcp.o)
                0x08016130                tcp_pcb_lists
                0x08016140                tcp_persist_backoff
                0x08016148                tcp_backoff
                0x08016158                tcp_state_str
 .rodata        0x08016184        0xd /home/huyong/Public/github/switft/build//libxxyyzz.a(cli_readline.o)
 *fill*         0x08016191        0x3 
 .rodata        0x08016194        0xe /home/huyong/Public/github/switft/build//libxxyyzz.a(etharp.o)
                0x08016194                ethzero
                0x0801619c                ethbroadcast
 *fill*         0x080161a2        0x2 
 .rodata        0x080161a4        0x8 /home/huyong/Public/github/switft/build//libxxyyzz.a(ip_addr.o)
                0x080161a4                ip_addr_broadcast
                0x080161a8                ip_addr_any
 .rodata        0x080161ac       0x38 /home/huyong/Public/github/switft/build//libxxyyzz.a(memp.o)
 .rodata        0x080161e4       0x40 /home/huyong/Public/github/switft/build//libxxyyzz.a(sockets.o)
 .rodata        0x08016224        0x4 /home/huyong/Public/github/switft/build//libxxyyzz.a(sys_arch.o)
                0x08016224                pvNullPointer
 *(.rodata*)
 .rodata.str1.4
                0x08016228       0x42 /home/huyong/Public/github/switft/build/main.o
 *fill*         0x0801626a        0x2 
 .rodata.str1.4
                0x0801626c       0x51 /home/huyong/Public/github/switft/build//libxxyyzz.a(cli_simple.o)
 *fill*         0x080162bd        0x3 
 .rodata.str1.4
                0x080162c0       0x8c /home/huyong/Public/github/switft/build//libxxyyzz.a(cmd_d.o)
                                 0x94 (size before relaxing)
 .rodata.str1.4
                0x0801634c       0xa1 /home/huyong/Public/github/switft/build//libxxyyzz.a(cmd_help.o)
                                 0xa5 (size before relaxing)
 *fill*         0x080163ed        0x3 
 .rodata.str1.4
                0x080163f0        0x2 /home/huyong/Public/github/switft/build//libxxyyzz.a(cmd_m.o)
                                 0x80 (size before relaxing)
 *fill*         0x080163f2        0x2 
 .rodata.str1.4
                0x080163f4       0x39 /home/huyong/Public/github/switft/build//libxxyyzz.a(cmd_reset.o)
                                 0x3d (size before relaxing)
 *fill*         0x0801642d        0x3 
 .rodata.str1.4
                0x08016430       0x78 /home/huyong/Public/github/switft/build//libxxyyzz.a(cmd_ver.o)
                                 0xf8 (size before relaxing)
 .rodata.str1.4
                0x080164a8       0xe7 /home/huyong/Public/github/switft/build//libxxyyzz.a(command.o)
                                 0xff (size before relaxing)
 *fill*         0x0801658f        0x1 
 .rodata.str1.4
                0x08016590       0x15 /home/huyong/Public/github/switft/build//libxxyyzz.a(console.o)
 *fill*         0x080165a5        0x3 
 .rodata.str1.4
                0x080165a8       0x38 /home/huyong/Public/github/switft/build//libxxyyzz.a(hw_beacon.o)
 .rodata.str1.4
                0x080165e0       0x54 /home/huyong/Public/github/switft/build//libxxyyzz.a(netif.o)
 .rodata.str1.4
                0x08016634       0x25 /home/huyong/Public/github/switft/build//libxxyyzz.a(os_core.o)
                                 0x2a (size before relaxing)
 *fill*         0x08016659        0x3 
 .rodata.str1.4
                0x0801665c        0x6 /home/huyong/Public/github/switft/build//libxxyyzz.a(os_flag.o)
                                  0xa (size before relaxing)
 *fill*         0x08016662        0x2 
 .rodata.str1.4
                0x08016664        0x7 /home/huyong/Public/github/switft/build//libxxyyzz.a(os_mutex.o)
                                  0xb (size before relaxing)
 *fill*         0x0801666b        0x1 
 .rodata.str1.4
                0x0801666c        0x3 /home/huyong/Public/github/switft/build//libxxyyzz.a(os_q.o)
                                  0x7 (size before relaxing)
 *fill*         0x0801666f        0x1 
 .rodata.str1.4
                0x08016670        0x5 /home/huyong/Public/github/switft/build//libxxyyzz.a(os_sem.o)
                                  0x9 (size before relaxing)
 *fill*         0x08016675        0x3 
 .rodata.str1.4
                0x08016678       0x14 /home/huyong/Public/github/switft/build//libxxyyzz.a(os_stat.o)
 .rodata.str1.4
                0x0801668c        0x6 /home/huyong/Public/github/switft/build//libxxyyzz.a(os_task.o)
                                  0xa (size before relaxing)
 *fill*         0x08016692        0x2 
 .rodata.str1.4
                0x08016694       0x14 /home/huyong/Public/github/switft/build//libxxyyzz.a(os_tick.o)
 .rodata.str1.4
                0x080166a8       0x1d /home/huyong/Public/github/switft/build//libxxyyzz.a(os_tmr.o)
 *fill*         0x080166c5        0x3 
 .rodata.str1.4
                0x080166c8      0x3d6 /home/huyong/Public/github/switft/build//libxxyyzz.a(tcp.o)
                                0x40e (size before relaxing)
 *fill*         0x08016a9e        0x2 
 .rodata.str1.4
                0x08016aa0      0x347 /home/huyong/Public/github/switft/build//libxxyyzz.a(tcp_out.o)
                                0x36f (size before relaxing)
 *fill*         0x08016de7        0x1 
 .rodata.str1.4
                0x08016de8       0x61 /home/huyong/Public/github/switft/build//libxxyyzz.a(tcpip.o)
                                 0x89 (size before relaxing)
 *fill*         0x08016e49        0x3 
 .rodata.str1.4
                0x08016e4c       0x51 /home/huyong/Public/github/switft/build//libxxyyzz.a(timers.o)
                                 0x7c (size before relaxing)
 *fill*         0x08016e9d        0x3 
 .rodata.str1.4
                0x08016ea0       0x43 /home/huyong/Public/github/switft/build//libxxyyzz.a(udpecho.o)
 *fill*         0x08016ee3        0x1 
 .rodata.str1.4
                0x08016ee4      0x2b6 /home/huyong/Public/github/switft/build//libxxyyzz.a(api_lib.o)
                                0x2ea (size before relaxing)
 *fill*         0x0801719a        0x2 
 .rodata.str1.4
                0x0801719c      0x401 /home/huyong/Public/github/switft/build//libxxyyzz.a(api_msg.o)
                                0x439 (size before relaxing)
 .rodata.str1.4
                0x0801759d        0x3 /home/huyong/Public/github/switft/build//libxxyyzz.a(cli_readline.o)
 *fill*         0x0801759d        0x3 
 .rodata.str1.4
                0x080175a0      0x1e9 /home/huyong/Public/github/switft/build//libxxyyzz.a(etharp.o)
                                0x211 (size before relaxing)
 *fill*         0x08017789        0x3 
 .rodata.str1.4
                0x0801778c       0x17 /home/huyong/Public/github/switft/build//libxxyyzz.a(ethernetif.o)
                                 0x50 (size before relaxing)
 *fill*         0x080177a3        0x1 
 .rodata.str1.4
                0x080177a4       0x26 /home/huyong/Public/github/switft/build//libxxyyzz.a(inet_chksum.o)
                                 0x50 (size before relaxing)
 *fill*         0x080177ca        0x2 
 .rodata.str1.4
                0x080177cc       0x4d /home/huyong/Public/github/switft/build//libxxyyzz.a(ip.o)
                                 0x75 (size before relaxing)
 *fill*         0x08017819        0x3 
 .rodata.str1.4
                0x0801781c       0x22 /home/huyong/Public/github/switft/build//libxxyyzz.a(ip_addr.o)
                                 0x4c (size before relaxing)
 *fill*         0x0801783e        0x2 
 .rodata.str1.4
                0x08017840      0x111 /home/huyong/Public/github/switft/build//libxxyyzz.a(ip_frag.o)
                                0x139 (size before relaxing)
 *fill*         0x08017951        0x3 
 .rodata.str1.4
                0x08017954      0x1b3 /home/huyong/Public/github/switft/build//libxxyyzz.a(mem.o)
                                0x1db (size before relaxing)
 *fill*         0x08017b07        0x1 
 .rodata.str1.4
                0x08017b08       0x74 /home/huyong/Public/github/switft/build//libxxyyzz.a(memp.o)
                                 0x9c (size before relaxing)
 .rodata.str1.4
                0x08017b7c      0x115 /home/huyong/Public/github/switft/build//libxxyyzz.a(netbuf.o)
                                0x13d (size before relaxing)
 *fill*         0x08017c91        0x3 
 .rodata.str1.4
                0x08017c94      0x3a9 /home/huyong/Public/github/switft/build//libxxyyzz.a(pbuf.o)
                                0x3dd (size before relaxing)
 *fill*         0x0801803d        0x3 
 .rodata.str1.4
                0x08018040       0x36 /home/huyong/Public/github/switft/build//libxxyyzz.a(raw.o)
                                 0x60 (size before relaxing)
 *fill*         0x08018076        0x2 
 .rodata.str1.4
                0x08018078      0x1d9 /home/huyong/Public/github/switft/build//libxxyyzz.a(sockets.o)
                                0x20d (size before relaxing)
 *fill*         0x08018251        0x3 
 .rodata.str1.4
                0x08018254      0x15a /home/huyong/Public/github/switft/build//libxxyyzz.a(sys_arch.o)
                                0x18e (size before relaxing)
 *fill*         0x080183ae        0x2 
 .rodata.str1.4
                0x080183b0      0x27e /home/huyong/Public/github/switft/build//libxxyyzz.a(tcp_in.o)
                                0x2a6 (size before relaxing)
 *fill*         0x0801862e        0x2 
 .rodata.str1.4
                0x08018630       0x72 /home/huyong/Public/github/switft/build//libxxyyzz.a(udp.o)
                                 0x9a (size before relaxing)
 *fill*         0x080186a2        0x2 
 .rodata.str1.4
                0x080186a4      0x10c /home/huyong/Public/github/switft/build//libxxyyzz.a(icmp.o)
                                0x155 (size before relaxing)
 .rodata._global_impure_ptr
                0x080187b0        0x4 /opt/gcc-arm-none-eabi-5_4-2016q3/bin/../lib/gcc/arm-none-eabi/5.4.1/../../../../arm-none-eabi/lib/armv7-m/libg_nano.a(lib_a-impure.o)
                0x080187b0                _global_impure_ptr
 .rodata.str1.1
                0x080187b4        0xa /opt/gcc-arm-none-eabi-5_4-2016q3/bin/../lib/gcc/arm-none-eabi/5.4.1/../../../../arm-none-eabi/lib/armv7-m/libg_nano.a(lib_a-locale.o)
                                  0xb (size before relaxing)
 .rodata._ctype_
                0x080187be      0x101 /opt/gcc-arm-none-eabi-5_4-2016q3/bin/../lib/gcc/arm-none-eabi/5.4.1/../../../../arm-none-eabi/lib/armv7-m/libg_nano.a(lib_a-ctype_.o)
                0x080187be                _ctype_
 *fill*         0x080188bf        0x1 
 .rodata.__sf_fake_stdin
                0x080188c0       0x20 /opt/gcc-arm-none-eabi-5_4-2016q3/bin/../lib/gcc/arm-none-eabi/5.4.1/../../../../arm-none-eabi/lib/armv7-m/libg_nano.a(lib_a-findfp.o)
                0x080188c0                __sf_fake_stdin
 .rodata.__sf_fake_stdout
                0x080188e0       0x20 /opt/gcc-arm-none-eabi-5_4-2016q3/bin/../lib/gcc/arm-none-eabi/5.4.1/../../../../arm-none-eabi/lib/armv7-m/libg_nano.a(lib_a-findfp.o)
                0x080188e0                __sf_fake_stdout
 .rodata.__sf_fake_stderr
                0x08018900       0x20 /opt/gcc-arm-none-eabi-5_4-2016q3/bin/../lib/gcc/arm-none-eabi/5.4.1/../../../../arm-none-eabi/lib/armv7-m/libg_nano.a(lib_a-findfp.o)
                0x08018900                __sf_fake_stderr
 .rodata.str1.1
                0x08018920       0x11 /opt/gcc-arm-none-eabi-5_4-2016q3/bin/../lib/gcc/arm-none-eabi/5.4.1/../../../../arm-none-eabi/lib/armv7-m/libg_nano.a(lib_a-nano-vfprintf.o)
 .rodata.str1.1
                0x08018931       0x22 /opt/gcc-arm-none-eabi-5_4-2016q3/bin/../lib/gcc/arm-none-eabi/5.4.1/../../../../arm-none-eabi/lib/armv7-m/libg_nano.a(lib_a-nano-vfprintf_i.o)
 *(.glue_7)
 .glue_7        0x08018953        0x0 linker stubs
 *(.glue_7t)
 .glue_7t       0x08018953        0x0 linker stubs
 *(.eh_frame)
 *fill*         0x08018953        0x1 
 .eh_frame      0x08018954        0x0 /opt/gcc-arm-none-eabi-5_4-2016q3/bin/../lib/gcc/arm-none-eabi/5.4.1/armv7-m/crtbegin.o
 *(.init)
 .init          0x08018954        0x4 /opt/gcc-arm-none-eabi-5_4-2016q3/bin/../lib/gcc/arm-none-eabi/5.4.1/armv7-m/crti.o
                0x08018954                _init
 .init          0x08018958        0x8 /opt/gcc-arm-none-eabi-5_4-2016q3/bin/../lib/gcc/arm-none-eabi/5.4.1/armv7-m/crtn.o
 *(.fini)
 .fini          0x08018960        0x4 /opt/gcc-arm-none-eabi-5_4-2016q3/bin/../lib/gcc/arm-none-eabi/5.4.1/armv7-m/crti.o
                0x08018960                _fini
 .fini          0x08018964        0x8 /opt/gcc-arm-none-eabi-5_4-2016q3/bin/../lib/gcc/arm-none-eabi/5.4.1/armv7-m/crtn.o
                0x0801896c                . = ALIGN (0x4)
                0x0801896c                _etext = .

.vfp11_veneer   0x0801896c        0x0
 .vfp11_veneer  0x0801896c        0x0 linker stubs

.v4_bx          0x0801896c        0x0
 .v4_bx         0x0801896c        0x0 linker stubs

.iplt           0x0801896c        0x0